// Jest Snapshot v1, https://goo.gl/fbAQLP

exports[`AriaButton renders as expected 1`] = `
<button
  aria-label="Change Language"
  className="
      AriaButton-module_button__2nCm9
      bg-gray-100 border-2 border-gray-900
      hover:border-gray-500 hover:bg-gray-200 
      active:border-gray-200 active:bg-gray-400 
      px-2 py-2 w-40 mx-2 my-2 "
  data-testid="language:switch:de"
  onClick={[MockFunction]}
>
  Deutsch
</button>
`;

exports[`FlexContainer renders as expected 1`] = `
Array [
  <div
    className="
      flex justify-between border-gray-900 border-2 m-2 overflow-hidden"
  >
    <p />
  </div>,
  <div
    className="
      flex justify-center border-gray-900 border-2 m-2 overflow-hidden"
  >
    <p />
  </div>,
]
`;
